---
source: cot/tests/snapshot_testing/migration/mod.rs
expression: "dry_run_snapshot(&engine, &test_db.database(), &mut output, \"zero\",\n\"rollback_app1\").await"
---
Rollback dry run

Target:
  app:       rollback_app1
  migration: zero
  mode:      zero (all migrations in app rolled back)

Rollback plan:
  1. rollback_app1::m_0003_third
  2. rollback_app1::m_0002_second
  3. rollback_app1::m_0001_initial

Summary:
  to roll back:     3
  skipped:          0
  database changes: none
