---
source: cot-cli/tests/snapshot_testing/new/mod.rs
description: "Verbosity level: debug"
info:
  program: cot
  args:
    - new
    - "-vvvv"
    - /tmp/cot-test-DLnAlM/project
---
success: true
exit_code: 0
----- stdout -----
TIMESTAMP[35mTRACE[0m [2mcot_cli::new_project[0m[2m:[0m Writing file: "/tmp/cot-test-DLnAlM/project/Cargo.toml"
TIMESTAMP[35mTRACE[0m [2mcot_cli::new_project[0m[2m:[0m Writing file: "/tmp/cot-test-DLnAlM/project/Cargo.lock"
TIMESTAMP[35mTRACE[0m [2mcot_cli::new_project[0m[2m:[0m Writing file: "/tmp/cot-test-DLnAlM/project/bacon.toml"
TIMESTAMP[35mTRACE[0m [2mcot_cli::new_project[0m[2m:[0m Writing file: "/tmp/cot-test-DLnAlM/project/.gitignore"
TIMESTAMP[35mTRACE[0m [2mcot_cli::new_project[0m[2m:[0m Writing file: "/tmp/cot-test-DLnAlM/project/src/main.rs"
TIMESTAMP[35mTRACE[0m [2mcot_cli::new_project[0m[2m:[0m Writing file: "/tmp/cot-test-DLnAlM/project/src/migrations.rs"
TIMESTAMP[35mTRACE[0m [2mcot_cli::new_project[0m[2m:[0m Writing file: "/tmp/cot-test-DLnAlM/project/static/css/main.css"
TIMESTAMP[35mTRACE[0m [2mcot_cli::new_project[0m[2m:[0m Writing file: "/tmp/cot-test-DLnAlM/project/templates/index.html"
TIMESTAMP[35mTRACE[0m [2mcot_cli::new_project[0m[2m:[0m Writing file: "/tmp/cot-test-DLnAlM/project/config/dev.toml"
TIMESTAMP[35mTRACE[0m [2mcot_cli::new_project[0m[2m:[0m Writing file: "/tmp/cot-test-DLnAlM/project/config/prod.toml.example"

----- stderr -----
[1m[92m    Creating[0m Cot project `project`
[1m[32m     Created[0m Cot project `project`
